Expected value from first row

Expected value from third row